nohup: ignoring input
2025-06-17 23:20:39,680 [INFO] templ_pipeline.core.hardware_utils: Optimized config (balanced) → n_workers=22, internal_workers=1, CPUs=22, RAM=55.4GB
2025-06-17 23:20:41,075 [INFO] templ_pipeline.core.hardware_utils: Optimized config (balanced) → n_workers=22, internal_workers=1, CPUs=22, RAM=55.2GB
2025-06-17 23:20:41,077 [INFO] templ_pipeline.core.hardware_utils: Optimized config (balanced) → n_workers=22, internal_workers=1, CPUs=22, RAM=55.2GB
2025-06-17 23:20:41,078 [INFO] templ_pipeline.core.hardware_utils: Optimized config (balanced) → n_workers=22, internal_workers=1, CPUs=22, RAM=55.2GB
2025-06-17 23:20:41,081 [INFO] templ_pipeline.core.hardware_utils: Optimized config (balanced) → n_workers=22, internal_workers=1, CPUs=22, RAM=55.2GB
2025-06-17 23:20:41,083 [INFO] templ_pipeline.core.hardware_utils: Optimized config (balanced) → n_workers=22, internal_workers=1, CPUs=22, RAM=55.2GB
2025-06-17 23:20:41,086 [INFO] templ_pipeline.core.hardware_utils: Optimized config (balanced) → n_workers=22, internal_workers=1, CPUs=22, RAM=55.2GB
2025-06-17 23:20:41,089 [INFO] templ_pipeline.core.hardware_utils: Optimized config (balanced) → n_workers=22, internal_workers=1, CPUs=22, RAM=55.2GB
2025-06-17 23:20:41,092 [INFO] templ_pipeline.core.hardware_utils: Optimized config (balanced) → n_workers=22, internal_workers=1, CPUs=22, RAM=55.1GB
2025-06-17 23:20:41,096 [INFO] templ_pipeline.core.hardware_utils: Optimized config (balanced) → n_workers=22, internal_workers=1, CPUs=22, RAM=55.1GB
2025-06-17 23:20:41,096 [INFO] templ_pipeline.core.hardware_utils: Optimized config (balanced) → n_workers=22, internal_workers=1, CPUs=22, RAM=55.1GB
2025-06-17 23:20:41,097 [INFO] templ_pipeline.core.hardware_utils: Optimized config (balanced) → n_workers=22, internal_workers=1, CPUs=22, RAM=55.1GB
2025-06-17 23:20:41,100 [INFO] templ_pipeline.core.hardware_utils: Optimized config (balanced) → n_workers=22, internal_workers=1, CPUs=22, RAM=55.1GB
2025-06-17 23:20:41,120 [INFO] templ_pipeline.core.hardware_utils: Optimized config (balanced) → n_workers=22, internal_workers=1, CPUs=22, RAM=55.1GB
2025-06-17 23:20:41,124 [INFO] templ_pipeline.core.hardware_utils: Optimized config (balanced) → n_workers=22, internal_workers=1, CPUs=22, RAM=55.1GB
2025-06-17 23:20:41,139 [INFO] templ_pipeline.core.hardware_utils: Optimized config (balanced) → n_workers=22, internal_workers=1, CPUs=22, RAM=55.1GB
2025-06-17 23:20:41,150 [INFO] templ_pipeline.core.hardware_utils: Optimized config (balanced) → n_workers=22, internal_workers=1, CPUs=22, RAM=55.1GB
2025-06-17 23:20:41,153 [INFO] templ_pipeline.core.hardware_utils: Optimized config (balanced) → n_workers=22, internal_workers=1, CPUs=22, RAM=55.1GB
2025-06-17 23:20:41,159 [INFO] templ_pipeline.core.hardware_utils: Optimized config (balanced) → n_workers=22, internal_workers=1, CPUs=22, RAM=55.1GB
2025-06-17 23:20:41,172 [INFO] templ_pipeline.core.hardware_utils: Optimized config (balanced) → n_workers=22, internal_workers=1, CPUs=22, RAM=55.1GB
2025-06-17 23:20:41,176 [INFO] templ_pipeline.core.hardware_utils: Optimized config (balanced) → n_workers=22, internal_workers=1, CPUs=22, RAM=55.1GB
2025-06-17 23:20:41,177 [INFO] templ_pipeline.core.hardware_utils: Optimized config (balanced) → n_workers=22, internal_workers=1, CPUs=22, RAM=55.1GB
2025-06-17 23:20:41,196 [INFO] templ_pipeline.core.hardware_utils: Optimized config (balanced) → n_workers=22, internal_workers=1, CPUs=22, RAM=55.1GB
2025-06-17 23:20:42,376 [INFO] templ_pipeline.benchmark.runner: TEMPL pipeline initialized with 0.2GB memory usage
2025-06-17 23:20:42,377 [INFO] templ_pipeline.core.utils: Shared cache not available, loading individually
2025-06-17 23:20:42,377 [INFO] templ_pipeline.core.utils: Loading molecules from processed_ligands_new.sdf.gz...
2025-06-17 23:20:42,447 [INFO] templ_pipeline.benchmark.runner: TEMPL pipeline initialized with 0.2GB memory usage
2025-06-17 23:20:42,448 [INFO] templ_pipeline.core.utils: Shared cache not available, loading individually
2025-06-17 23:20:42,448 [INFO] templ_pipeline.core.utils: Loading molecules from processed_ligands_new.sdf.gz...
2025-06-17 23:20:45,319 [INFO] templ_pipeline.core.utils: Loaded 18902 molecules from processed_ligands_new.sdf.gz (skipped 0)
2025-06-17 23:20:45,319 [INFO] templ_pipeline.core.utils: Memory used for loading: 0.4GB
2025-06-17 23:20:45,324 [INFO] templ_pipeline.benchmark.runner: Loaded 18902 molecules into cache
2025-06-17 23:20:45,356 [INFO] templ_pipeline.benchmark.runner: Running TEMPL pipeline for 1a1c
2025-06-17 23:20:45,357 [INFO] templ_pipeline.benchmark.runner: Starting pipeline execution for 1a1c
2025-06-17 23:20:45,357 [INFO] templ_pipeline.core.pipeline: Step 1: Generating protein embedding
2025-06-17 23:20:45,448 [INFO] templ_pipeline.core.utils: Loaded 18902 molecules from processed_ligands_new.sdf.gz (skipped 0)
2025-06-17 23:20:45,448 [INFO] templ_pipeline.core.utils: Memory used for loading: 0.4GB
2025-06-17 23:20:45,452 [INFO] templ_pipeline.benchmark.runner: Loaded 18902 molecules into cache
2025-06-17 23:20:45,460 [INFO] templ_pipeline.benchmark.runner: Running TEMPL pipeline for 1a28
2025-06-17 23:20:45,460 [INFO] templ_pipeline.benchmark.runner: Starting pipeline execution for 1a28
2025-06-17 23:20:45,460 [INFO] templ_pipeline.core.pipeline: Step 1: Generating protein embedding
2025-06-17 23:20:45,590 [INFO] templ_pipeline.core.pipeline: Generating embedding for /home/ubuntu/mcs/templ_pipeline/data/PDBBind/PDBbind_v2020_other_PL/v2020-other-PL/1a1c/1a1c_protein.pdb
2025-06-17 23:20:45,684 [INFO] templ_pipeline.core.pipeline: Generating embedding for /home/ubuntu/mcs/templ_pipeline/data/PDBBind/PDBbind_v2020_refined/refined-set/1a28/1a28_protein.pdb
2025-06-17 23:20:46,059 - templ_pipeline.core.embedding - INFO - Loaded 18902 embeddings from /home/ubuntu/mcs/templ_pipeline/data/embeddings/protein_embeddings_base.npz
2025-06-17 23:20:46,059 [INFO] templ_pipeline.core.embedding: Loaded 18902 embeddings from /home/ubuntu/mcs/templ_pipeline/data/embeddings/protein_embeddings_base.npz
2025-06-17 23:20:46,060 [INFO] templ_pipeline.core.pipeline: Using cached embedding for PDB: 1a1c
2025-06-17 23:20:46,060 [INFO] templ_pipeline.core.pipeline: Retrieved cached embedding with shape (1280,) for chain B
2025-06-17 23:20:46,060 [INFO] templ_pipeline.core.pipeline: Step 2: Finding similar templates
2025-06-17 23:20:46,060 [INFO] templ_pipeline.core.pipeline: Finding similar templates
2025-06-17 23:20:46,137 - templ_pipeline.core.embedding - INFO - Loaded 18902 embeddings from /home/ubuntu/mcs/templ_pipeline/data/embeddings/protein_embeddings_base.npz
2025-06-17 23:20:46,137 [INFO] templ_pipeline.core.embedding: Loaded 18902 embeddings from /home/ubuntu/mcs/templ_pipeline/data/embeddings/protein_embeddings_base.npz
2025-06-17 23:20:46,137 [INFO] templ_pipeline.core.pipeline: Using cached embedding for PDB: 1a28
2025-06-17 23:20:46,137 [INFO] templ_pipeline.core.pipeline: Retrieved cached embedding with shape (1280,) for chain A
2025-06-17 23:20:46,137 [INFO] templ_pipeline.core.pipeline: Step 2: Finding similar templates
2025-06-17 23:20:46,137 [INFO] templ_pipeline.core.pipeline: Finding similar templates
2025-06-17 23:20:46,302 - templ_pipeline.core.embedding - INFO - Found 100 neighbors for QUERY.
2025-06-17 23:20:46,302 [INFO] templ_pipeline.core.embedding: Found 100 neighbors for QUERY.
2025-06-17 23:20:46,306 [INFO] templ_pipeline.core.pipeline: Found 100 templates
2025-06-17 23:20:46,306 [INFO] templ_pipeline.core.pipeline: Step 3: Loading template molecules
2025-06-17 23:20:46,308 [INFO] templ_pipeline.core.templates: Loading templates from: data/ligands/processed_ligands_new.sdf.gz
2025-06-17 23:20:46,327 - templ_pipeline.core.embedding - INFO - Found 100 neighbors for QUERY.
2025-06-17 23:20:46,327 [INFO] templ_pipeline.core.embedding: Found 100 neighbors for QUERY.
2025-06-17 23:20:46,329 [INFO] templ_pipeline.core.pipeline: Found 100 templates
2025-06-17 23:20:46,329 [INFO] templ_pipeline.core.pipeline: Step 3: Loading template molecules
2025-06-17 23:20:46,330 [INFO] templ_pipeline.core.templates: Loading templates from: data/ligands/processed_ligands_new.sdf.gz
2025-06-17 23:20:48,846 [INFO] templ_pipeline.core.templates: Template loading complete: 100 templates loaded from 18902 processed
2025-06-17 23:20:48,846 [INFO] templ_pipeline.core.pipeline: Loaded 100 template molecules using standardized loader
2025-06-17 23:20:48,846 [INFO] templ_pipeline.core.pipeline: Step 4: Preparing query molecule
2025-06-17 23:20:48,846 [INFO] templ_pipeline.core.pipeline: Creating molecule from SMILES: CC(=O)[C@H]1CC[C@H]2[C@@H]3CCC4=CC(=O)CC[C@]4(C)[C@H]3CC[C@]12C
2025-06-17 23:20:48,964 [INFO] templ_pipeline.core.pipeline: Query molecule prepared (standardized): 23 atoms, 26 bonds
2025-06-17 23:20:48,964 [INFO] templ_pipeline.core.pipeline: Step 5: Generating poses (alignment=enabled)
2025-06-17 23:20:49,173 [INFO] templ_pipeline.core.pipeline: Generating poses with 100 templates, 200 conformers, 1 workers
2025-06-17 23:20:49,173 [INFO] templ_pipeline.core.pipeline: Finding MCS and generating conformers
2025-06-17 23:20:49,173 [INFO] templ_pipeline.core.mcs: Generating conformers for unnamed_query using 100 templates: template_0, template_1, template_2...
2025-06-17 23:20:49,173 [INFO] templ_pipeline.core.mcs: Query molecule: 23 atoms, 26 bonds
2025-06-17 23:20:49,201 [INFO] templ_pipeline.core.mcs: MCS tiebreaker: selected template 15 with similarity 1.000
2025-06-17 23:20:49,201 [INFO] templ_pipeline.core.mcs: Selected template template_15 with MCS SMARTS: CC(=O)-C1CCC2C3CCC4=CC(=O)-CCC4(-C)-C3CCC1-2-C
2025-06-17 23:20:49,971 [INFO] templ_pipeline.core.templates: Template loading complete: 100 templates loaded from 18902 processed
2025-06-17 23:20:49,971 [INFO] templ_pipeline.core.pipeline: Loaded 100 template molecules using standardized loader
2025-06-17 23:20:49,971 [INFO] templ_pipeline.core.pipeline: Step 4: Preparing query molecule
2025-06-17 23:20:49,971 [INFO] templ_pipeline.core.pipeline: Creating molecule from SMILES: CC(=O)N[C@@H](Cc1ccc(OP(=O)(O)O)cc1)C(=O)N[C@@H](CCC(=O)O)C(=O)N(C)CCCC1CCCC1
2025-06-17 23:20:50,196 [INFO] templ_pipeline.core.pipeline: Query molecule prepared (standardized): 38 atoms, 39 bonds
2025-06-17 23:20:50,196 [INFO] templ_pipeline.core.pipeline: Step 5: Generating poses (alignment=enabled)
2025-06-17 23:20:50,401 [INFO] templ_pipeline.core.pipeline: Generating poses with 100 templates, 200 conformers, 1 workers
2025-06-17 23:20:50,402 [INFO] templ_pipeline.core.pipeline: Finding MCS and generating conformers
2025-06-17 23:20:50,402 [INFO] templ_pipeline.core.mcs: Generating conformers for unnamed_query using 100 templates: template_0, template_1, template_2...
2025-06-17 23:20:50,402 [INFO] templ_pipeline.core.mcs: Query molecule: 38 atoms, 39 bonds
2025-06-17 23:20:52,900 [INFO] templ_pipeline.core.mcs: MCS tiebreaker: selected template 67 with similarity 1.000
2025-06-17 23:20:52,901 [INFO] templ_pipeline.core.mcs: Selected template template_67 with MCS SMARTS: CC(=O)-NC(-Cc1:c:c:c(-O-[#15&A](=O)(-O)-O):c:c:1)-C(=O)-NC(-CCC(=O)-O)-C(=O)-N(-C)-CCCC1CCCC1
2025-06-17 23:21:01,932 [INFO] templ_pipeline.core.mcs: Successfully generated 200 conformers
2025-06-17 23:21:01,933 [INFO] templ_pipeline.core.mcs: DEBUG: mcs_atom_indices type: <class 'dict'>
2025-06-17 23:21:01,933 [INFO] templ_pipeline.core.mcs: DEBUG: mcs_atom_indices content: {'atom_count': 23, 'bond_count': 26, 'similarity_score': 0.9, 'query_atoms': [0, 1, 2, 3, 4, 5, 6, 7, 8, 9, 10, 11, 12, 13, 14, 15, 16, 17, 18, 19, 20, 21, 22], 'template_atoms': [0, 1, 2, 3, 4, 5, 6, 7, 8, 9, 10, 11, 12, 13, 14, 15, 16, 17, 18, 19, 20, 21, 22], 'smarts': 'CC(=O)-C1CCC2C3CCC4=CC(=O)-CCC4(-C)-C3CCC1-2-C', 'organometallic_handling': {'target_had_metals': False, 'template_had_metals': False, 'target_substitutions': ['No organometallic atoms detected'], 'template_substitutions': ['No organometallic atoms detected']}, 'selected_template_index': 15}
2025-06-17 23:21:01,933 [INFO] templ_pipeline.core.pipeline: MCS info captured for template selection
2025-06-17 23:21:01,933 [INFO] templ_pipeline.core.pipeline: Generated 200/200 conformers
2025-06-17 23:21:01,933 [INFO] templ_pipeline.core.pipeline: Scoring and selecting best poses (aligned_poses=True)
2025-06-17 23:21:01,933 [INFO] templ_pipeline.core.scoring: Scoring 200 conformers using 1 workers
2025-06-17 23:21:07,271 [INFO] templ_pipeline.core.scoring: Selected 3 best poses from 200 scored conformers
2025-06-17 23:21:07,276 [INFO] templ_pipeline.core.scoring: Scoring 200 conformers using 1 workers
2025-06-17 23:21:12,535 [INFO] templ_pipeline.core.pipeline: Generated 3 best poses, 200 total ranked poses
2025-06-17 23:21:12,535 [INFO] templ_pipeline.core.pipeline: Step 6: Saving results
2025-06-17 23:21:12,535 [INFO] templ_pipeline.core.pipeline: Saving poses to timesplit_stream_results/poses_20250617_232042/1a28_poses.sdf
2025-06-17 23:21:12,536 [INFO] templ_pipeline.core.pipeline: Saved poses to timesplit_stream_results/poses_20250617_232042/1a28_poses.sdf
2025-06-17 23:21:12,536 [INFO] templ_pipeline.core.pipeline: Pipeline completed successfully (alignment_used=True)
2025-06-17 23:21:12,629 [INFO] templ_pipeline.benchmark.runner: Successfully calculated RMSD for 3 metrics
2025-06-17 23:21:12,802 [INFO] templ_pipeline.benchmark.runner: TEMPL completed for 1a28 in 30.3s
2025-06-17 23:21:13,961 [INFO] templ_pipeline.core.mcs: Successfully generated 200 conformers
2025-06-17 23:21:13,961 [INFO] templ_pipeline.core.mcs: DEBUG: mcs_atom_indices type: <class 'dict'>
2025-06-17 23:21:13,962 [INFO] templ_pipeline.core.mcs: DEBUG: mcs_atom_indices content: {'atom_count': 38, 'bond_count': 39, 'similarity_score': 0.9, 'query_atoms': [0, 1, 2, 3, 4, 5, 6, 7, 8, 9, 10, 11, 12, 13, 14, 15, 16, 17, 18, 19, 20, 21, 22, 23, 24, 25, 26, 27, 28, 29, 30, 31, 32, 33, 34, 35, 36, 37], 'template_atoms': [0, 1, 2, 3, 4, 5, 6, 7, 8, 9, 10, 11, 12, 13, 14, 15, 16, 17, 18, 19, 20, 21, 22, 23, 24, 25, 26, 27, 28, 29, 30, 31, 32, 33, 34, 35, 36, 37], 'smarts': 'CC(=O)-NC(-Cc1:c:c:c(-O-[#15&A](=O)(-O)-O):c:c:1)-C(=O)-NC(-CCC(=O)-O)-C(=O)-N(-C)-CCCC1CCCC1', 'organometallic_handling': {'target_had_metals': False, 'template_had_metals': False, 'target_substitutions': ['No organometallic atoms detected'], 'template_substitutions': ['No organometallic atoms detected']}, 'selected_template_index': 67}
2025-06-17 23:21:13,962 [INFO] templ_pipeline.core.pipeline: MCS info captured for template selection
2025-06-17 23:21:13,962 [INFO] templ_pipeline.core.pipeline: Generated 200/200 conformers
2025-06-17 23:21:13,962 [INFO] templ_pipeline.core.pipeline: Scoring and selecting best poses (aligned_poses=True)
2025-06-17 23:21:13,962 [INFO] templ_pipeline.core.scoring: Scoring 200 conformers using 1 workers
2025-06-17 23:21:13,965 [INFO] templ_pipeline.core.hardware_utils: Optimized config (balanced) → n_workers=22, internal_workers=1, CPUs=22, RAM=54.5GB
2025-06-17 23:21:21,727 [INFO] templ_pipeline.core.scoring: Selected 3 best poses from 200 scored conformers
2025-06-17 23:21:21,731 [INFO] templ_pipeline.core.scoring: Scoring 200 conformers using 1 workers
2025-06-17 23:21:29,399 [INFO] templ_pipeline.core.pipeline: Generated 3 best poses, 200 total ranked poses
2025-06-17 23:21:29,400 [INFO] templ_pipeline.core.pipeline: Step 6: Saving results
2025-06-17 23:21:29,400 [INFO] templ_pipeline.core.pipeline: Saving poses to timesplit_stream_results/poses_20250617_232042/1a1c_poses.sdf
2025-06-17 23:21:29,401 [INFO] templ_pipeline.core.pipeline: Saved poses to timesplit_stream_results/poses_20250617_232042/1a1c_poses.sdf
2025-06-17 23:21:29,401 [INFO] templ_pipeline.core.pipeline: Pipeline completed successfully (alignment_used=True)
2025-06-17 23:21:29,505 [INFO] templ_pipeline.benchmark.runner: Successfully calculated RMSD for 3 metrics
2025-06-17 23:21:29,673 [INFO] templ_pipeline.benchmark.runner: TEMPL completed for 1a1c in 47.1s
